------------------------------------------------------------
TimeQuest Timing Analyzer Summary
------------------------------------------------------------

Type  : Slow 1200mV 85C Model Setup 'CLOCK_50'
Slack : -3.602
TNS   : -150.551

Type  : Slow 1200mV 85C Model Setup 'DrinksFSM:inst|s_currentState.finalState'
Slack : -1.715
TNS   : -9.190

Type  : Slow 1200mV 85C Model Hold 'CLOCK_50'
Slack : 0.470
TNS   : 0.000

Type  : Slow 1200mV 85C Model Hold 'DrinksFSM:inst|s_currentState.finalState'
Slack : 0.548
TNS   : 0.000

Type  : Slow 1200mV 85C Model Minimum Pulse Width 'CLOCK_50'
Slack : -3.000
TNS   : -77.530

Type  : Slow 1200mV 85C Model Minimum Pulse Width 'DrinksFSM:inst|s_currentState.finalState'
Slack : 0.473
TNS   : 0.000

Type  : Slow 1200mV 0C Model Setup 'CLOCK_50'
Slack : -3.170
TNS   : -133.224

Type  : Slow 1200mV 0C Model Setup 'DrinksFSM:inst|s_currentState.finalState'
Slack : -1.505
TNS   : -7.939

Type  : Slow 1200mV 0C Model Hold 'CLOCK_50'
Slack : 0.398
TNS   : 0.000

Type  : Slow 1200mV 0C Model Hold 'DrinksFSM:inst|s_currentState.finalState'
Slack : 0.533
TNS   : 0.000

Type  : Slow 1200mV 0C Model Minimum Pulse Width 'CLOCK_50'
Slack : -3.000
TNS   : -77.530

Type  : Slow 1200mV 0C Model Minimum Pulse Width 'DrinksFSM:inst|s_currentState.finalState'
Slack : 0.474
TNS   : 0.000

Type  : Fast 1200mV 0C Model Setup 'CLOCK_50'
Slack : -1.243
TNS   : -47.176

Type  : Fast 1200mV 0C Model Setup 'DrinksFSM:inst|s_currentState.finalState'
Slack : -0.346
TNS   : -1.653

Type  : Fast 1200mV 0C Model Hold 'CLOCK_50'
Slack : 0.150
TNS   : 0.000

Type  : Fast 1200mV 0C Model Hold 'DrinksFSM:inst|s_currentState.finalState'
Slack : 0.264
TNS   : 0.000

Type  : Fast 1200mV 0C Model Minimum Pulse Width 'CLOCK_50'
Slack : -3.000
TNS   : -64.625

Type  : Fast 1200mV 0C Model Minimum Pulse Width 'DrinksFSM:inst|s_currentState.finalState'
Slack : 0.391
TNS   : 0.000

------------------------------------------------------------
